oled.c:8:6:my_delay_ms	16	static
oled.c:44:6:OLED_WR_Byte	24	static
oled.c:66:7:OLED_Set_Pos	16	static
oled.c:73:6:OLED_Display_On	8	static
oled.c:80:6:OLED_Display_Off	8	static
oled.c:87:6:OLED_Clear	16	static
oled.c:105:6:OLED_ShowChar	24	static
oled.c:127:5:oled_pow	24	static
oled.c:139:6:OLED_ShowNum	24	static
oled.c:158:6:OLED_Show5Num	16	static
oled.c:166:6:OLED_Show4Num	16	static
oled.c:173:6:OLED_Show2Num	16	static
oled.c:179:6:OLED_ShowString	24	static
oled.c:191:6:OLED_DrawBMP	32	static
oled.c:210:6:OLED_Init	8	static
oled.c:257:6:OLED_ShowCHinese_1	24	static
oled.c:274:6:OLED_ShowCHinese_0	24	static
oled.c:292:6:OLED_ShowStatus_1	16	static
oled.c:307:6:OLED_ShowStatus_0	16	static
oled.c:319:6:OLED_Show_flicker	8	static
